// Vitest Snapshot v1, https://vitest.dev/guide/snapshot.html

exports[`Phase 6 graph-aware prose surfaces (all flags on) > seed phase6-on-1 produces stable graph-aware output 1`] = `
{
  "phenomenonNotes": [
    "Everything landing or leaving passes decontamination cycles measured in shifts, not minutes. Unsettled: Are the microbes a medical resource, industrial hazard, or protected environmental evidence? The destabilization centers on Gomeisa Waypoint-895 III: Metabolite bioprospectors license microbial chemistry for pharmaceutical export — except that the license terms assume the biosphere is passive, and the assays keep suggesting otherwise. A petri array glows faint colors that were not in last season's catalog.",
    "Docking, launch, and local prices surge around celebrated safe windows. No one has settled who controls the forecast that decides when the festival begins. The destabilization centers on Gomeisa Waypoint-895 III: Window-festival concessioners run the market stalls, berth fees, and lodging surge each safe window, and the trouble is that their leases price in a festival calendar the forecast board can quietly move. Officials sell civic unity while stranded crews allege the exit window was quietly narrowed.",
    "Transits through the trojan point run on shepherd-posted lanes that shift with every nudge campaign. Crews still ask whose nudge campaign perturbed the camp orbits, and was the drift a side effect or a strategy. The destabilization centers on Gomeisa Waypoint-895 III: Swarm shepherds nudge commercially useful rocks toward the processing camps, though every nudge changes trajectories other shepherds already sold. The registrar's chart room papers over three walls, and none of the walls agree.",
  ],
  "settlementTagHooks": [
    "Plague/Biosafety Fear is what visitors notice first; survival priority was assigned by a list nobody trusts. The crisis around stolen medical supplies keeps deep-space platform politics under stress. Privately, the medical stockpile was traded for route access. Whoever runs the civilian colony sets the terms here.",
    "Medical Triage State is the surface story, but Anti-Corporate Commune shows who benefits from the tension: the public story hides a working political break with corporate control. Coordination drift across the swarm makes refugee dormitory the choke point everyone fights over. Privately, the site is a military listening post. Whoever runs the civilian colony sets the terms here.",
  ],
  "settlementWhyHere": [
    "There is something rare in this volume, and Gomeisa Waypoint-895 III Habitat 55 is the answer to it.",
    "Gomeisa Waypoint-895 Hub maintains its footprint on the ground beneath it. Gomeisa Waypoint-895 Hub stays because the yield outweighs everything that wants it gone.",
  ],
}
`;

exports[`Phase 6 graph-aware prose surfaces (all flags on) > seed phase6-on-2 produces stable graph-aware output 1`] = `
{
  "phenomenonNotes": [
    "Trojan clouds force ships through monitored gaps shared by dust and salvage drones. The open question is which rocks are original trojans and which were towed in and homesteaded under false surveys. The destabilization centers on Noquisi Transit-948 Belt IV: Camp registrars arbitrate homestead claims across a hundred thousand co-orbiting rocks, and the trouble is that the registry maps a swarm that reshuffles itself faster than the appeals docket moves. Two camps watch the same incoming rock and both raise a flag.",
    "Stellar wind and stripped atmospheric flow distort comms and punish close maneuvers. The open question is what fraction of the envelope loss is natural versus skimmed, and which ledger records the difference. The destabilization centers on Noquisi Transit-948 VII: Orbital heritage clerks administer the survivor's protected-object status and sell research access, though protection fees fund the office that keeps approving extraction waivers. A skimmer surfaces from the glowing envelope trailing gas like a whale clearing water.",
    "Salvage-tug traffic to the site runs heavier than the permits on file explain. No one has settled which structures were sealed deliberately at abandonment, and by whom. Colony wardstakers maintain the ghost colony against decay and sell guided access, and the trouble is that preservation and excavation are the same permit, issued by rivals. Dinner tables still set for a meal a century cold, under dust like snowfall.",
  ],
  "settlementTagHooks": [
    "Migrant Swarm is what visitors notice first; whoever controls the records controls legal truth, casualty counts, and property claims. Coordination drift across the swarm makes single-bay clinic the choke point everyone fights over. Privately, the route weather board sells safe windows twice. Control of the exposure clinic decides who has leverage.",
    "Route Weather Board is what visitors notice first; survival priority was assigned by a list nobody trusts. Coordination drift across the swarm makes bleed-harvest control room the choke point everyone fights over. Privately, Sol interdiction files are sealed here. Every contingency plan on file assumes the phase-stable superconductive lattice keeps flowing.",
    "The public tag is AI Witness Custody; the private trouble is Aristocratic Dome, because elite protection and outside deprivation are tied together. When safe transit window sold to too many ships, the situation keeps surface settlement politics under stress. Privately, the site is an illegal AI lab. Every dispute here ends at the civilian colony.",
  ],
  "settlementWhyHere": [
    "Noquisi Transit-948 Fleet took root on Noquisi Transit-948 VII and has not moved since. Noquisi Transit-948 Fleet stays because the yield outweighs everything that wants it gone.",
    "Noquisi Transit-948 Belt IV Works is anchored to Noquisi Transit-948 Belt IV, with Phase-stable superconductive lattice keeping it viable. There is enough of value under Noquisi Transit-948 Belt IV to justify both the danger and the secrecy.",
    "Noquisi Transit-948 V Charter grew here because the ground underneath asks less of its people than most.",
  ],
}
`;

exports[`Phase 6 graph-aware prose surfaces (all flags on) > seed phase6-on-3 produces stable graph-aware output 1`] = `
{
  "phenomenonNotes": [
    "Unmarked cutters loiter near the cache before every major ruling. Contested: Why does the cache inventory grow between hearings when nothing is docketed in? The destabilization centers on Nosaxa-Array Belt V: Cache custodians guard sealed evidence hulls between hearings, billed to the docket; the catch is that the seals are inventoried by the same office that keeps losing dockets. Sealed hulls hang in evidence webbing, tagged with case numbers older than their guards.",
    "Standard hulls transit the arc only in the dust's settled phase, and the phase table is a trade secret. The open question is how much dust have the sifters removed, and what happens to the arc's structure when the fraction matters. The destabilization centers on Nosaxa-Array IV: Phase-dust sifters trawl the arc for dust that phases through ordinary matter on flare cycles. The catch: the containment that holds the dust also hides how much of it they are actually taking. An arc pilot cuts thrust and lets the ship drift a channel only she can see.",
  ],
  "settlementTagHooks": [
    "Debt Labor binds the workforce to fees; Chiral Monopoly controls the medicine and materials that keep those debts growing. Coordination drift across the swarm makes debt court queue the choke point everyone fights over. Privately, the curse is chiral neurochemistry. Every dispute here ends at the smuggler port.",
    "Storm Shelter Politics is what visitors notice first; a failed environmental project is still shaping the crisis. When transit grid failure during storm, the situation keeps deep-space platform politics under stress. Privately, the base is built on unstable ground/orbit. Whoever runs the ship repair yard sets the terms here.",
  ],
  "settlementWhyHere": [
    "Nosaxa-Array Freeport is built into Nosaxa-Array IV and works the surface from there.",
    "The yields under Nosaxa-Array Belt V route geometry are concrete enough to keep crews on station year over year.",
  ],
}
`;
