// Vitest Snapshot v1, https://vitest.dev/guide/snapshot.html

exports[`Phase 6 graph-aware prose surfaces (all flags on) > seed phase6-on-1 produces stable graph-aware output 1`] = `
{
  "phenomenonNotes": [
    "Biosecurity rules slow landings, cargo transfers, and suit cycling near habitats. But, Are the microbes a medical resource, industrial hazard, or protected environmental evidence? GU quarantine orders collide with settlers dependent on local biomass chemistry. A decon tent steams beside stained sample tanks and disputed filters.",
    "Old gate turbulence makes jumps arrive late, offset, or near exclusion buoys. And, Is the wake decaying, stabilizing, or being refreshed by unauthorized traffic? A stranded settlement claims GU approved evacuation after knowing the wake was unsafe. A dead gate frame broadcasts conflicting closure orders from warning drones.",
    "Tight orbital timing creates narrow transfer corridors and expensive missed-burn delays. Meanwhile, Who mapped the stable windows, and what installations are protected by withheld ephemerides? Route controllers, smugglers, and settlement clocks all depend on one resonance model. Three close worlds cross the display in metronome sequence.",
  ],
  "settlementTagHooks": [
    "Free Captain Nest is the surface story, but Memory-Loss Zone shows who benefits from the tension: missing records and altered recollections decide the dispute. The crisis around stolen medical supplies keeps gate or route node politics under stress. Privately, the ghosts are old human recordings. Control of the naval logistics depot decides who has leverage.",
    "Outsiders call it Interdiction Profiteers, but the local pressure is sharper: humans depend on systems they do not fully control. A detected Sol or Gardener warning sign keeps gate or route node politics under stress. Privately, the founders committed a crime. Control of the civilian colony decides who has leverage.",
    "High-G Research is what visitors notice first; survival protocols double as social control. A silent district keeps gate or route node politics under stress. Privately, the bleed node is being illegally stabilized. Everything here turns on access to Snow-line organochemical feedstock.",
    "Broken Terraformer is the surface story, but False Evacuation List shows who benefits from the tension: survival priority was assigned by a list nobody trusts. A quarantine violation keeps mobile site politics under stress. Privately, the spare-parts shortage is a manufactured monopoly. Everything here turns on access to Snow-line organochemical feedstock.",
  ],
  "settlementWhyHere": [
    "Crews keep choosing Gomeisa Waypoint-895 transit geometry because local materials, volatiles, or fuel justify permanent infrastructure; iggygate anchor access keeps traffic viable; the site controls a militarily or commercially important approach.",
    "The case for Gomeisa Waypoint-895 transit geometry is practical: local materials, volatiles, or fuel justify permanent infrastructure; iggygate anchor access keeps traffic viable; the site controls a militarily or commercially important approach.",
    "Gomeisa Waypoint-895 transit geometry sits on Gomeisa Waypoint-895 V and depends on Snow-line organochemical feedstock.",
    "Gomeisa Waypoint-895 traffic pattern sits on Gomeisa Waypoint-895 VII and depends on Snow-line organochemical feedstock.",
  ],
}
`;

exports[`Phase 6 graph-aware prose surfaces (all flags on) > seed phase6-on-2 produces stable graph-aware output 1`] = `
{
  "phenomenonNotes": [
    "Trojan clouds force ships through monitored gaps shared by dust and salvage drones. And, Which clusters are primordial, and which conceal storage hulks or contraband habitats? Mining combines and traffic authorities dispute whether the swarm is resource or hazard. The Lagrange horizon looks solid with stones blinking claimant beacons.",
    "Outer approaches become hazardous as cometary arcs shed dust across transfer paths. And, What perturbed the reservoir: passing mass, failed survey burn, or old GU intervention? Water prospectors demand priority while port officials quarantine possibly contaminated ice cargo. Pale comet tails cross like searchlights over a station short on shielding.",
    "Phase-dust crossings scramble sensors and force slow approaches through marked lanes. And, What cargo or wreckage is hidden inside the phase-dust blind spots? Rival salvagers accuse lane authorities of selling clean transponder routes. A beacon skiff drifts beside a glittering arc, hull abraded raw.",
  ],
  "settlementTagHooks": [
    "Broken Mirror Swarm is what visitors notice first; AIs agree on facts but not on which human orders can be obeyed. When life-support repair crews walk out, the situation keeps orbital station politics under stress. Privately, the artifact rumor is a natural GU formation. Everything here turns on access to Phase-stable superconductive lattice.",
    "Penal Extraction is what visitors notice first; storm shelter access is allocated by a lottery everyone suspects is rigged. A missing essential expert keeps moon base politics under stress. Privately, corporate records were altered. Control of the quarantine station decides who has leverage.",
    "The public tag is Hidden Navy; the private trouble is Shelter Lottery, because storm shelter access is allocated by a lottery everyone suspects is rigged. A military coup keeps deep-space platform politics under stress. Privately, the AI witness has already testified in a sealed simulation. Everything here turns on access to Phase-stable superconductive lattice.",
  ],
  "settlementWhyHere": [
    "Noquisi Transit-948 Belt V orbital space sits on Noquisi Transit-948 Belt V and depends on Phase-stable superconductive lattice.",
    "Noquisi Transit-948 VII - Moon I: local materials, volatiles, or fuel justify permanent infrastructure; resonance hub access keeps traffic viable; the site watches a useful route or resource.",
    "Noquisi Transit-948 IV route geometry sits on Noquisi Transit-948 IV and depends on Phase-stable superconductive lattice.",
  ],
}
`;

exports[`Phase 6 graph-aware prose surfaces (all flags on) > seed phase6-on-3 produces stable graph-aware output 1`] = `
{
  "phenomenonNotes": [
    "Cache approaches trigger claim holds and court-licensed patrols. Meanwhile, Which wreck record would overturn the current salvage rights? Judges, insurers, and crews need the evidence preserved, altered, or lost. A locked evidence container transmits chain-of-custody pings to every claimant.",
    "Docking, launch, and local prices surge around celebrated safe windows. And, Who controls the forecast that decides when the festival begins? Officials sell civic unity while stranded crews allege the exit window was quietly narrowed. Lanterns rise as departure boards quietly cancel the cheaper berths.",
  ],
  "settlementTagHooks": [
    "Debt Labor binds the workforce to fees; Chiral Monopoly controls the medicine and materials that keep those debts growing. The crisis around stolen medical supplies keeps surface settlement politics under stress. Privately, the Iggygate is misaligned on purpose. Control of the exposure clinic decides who has leverage.",
    "Aristocratic Dome is what visitors notice first; short-lived opportunity is pushing people into unsafe choices. A Pinchdrive calibration accident keeps asteroid or belt base politics under stress. Privately, the site is an illegal AI lab. Control of the refinery decides who has leverage.",
  ],
  "settlementWhyHere": [
    "Nosaxa-Array IV sits on Nosaxa-Array IV.",
    "Nosaxa-Array Belt VI sits on Nosaxa-Array Belt VI.",
  ],
}
`;
