// Vitest Snapshot v1, https://vitest.dev/guide/snapshot.html

exports[`crisisPressureSentence — full pool characterization > snapshots all pool outputs for visual review 1`] = `
{
  "A whole district goes silent": "A silent district keeps tensions high.",
  "AI refuses unsafe operation": "The crisis around AI refusal to operate unsafely keeps tensions high.",
  "AI witness testimony becomes publicly accessible": "When AI witness testimony becomes publicly accessible, the situation keeps tensions high.",
  "Archive court releases two incompatible rulings": "When archive court releases two incompatible rulings, the situation keeps tensions high.",
  "Bleed node changed course": "A drifting bleed node keeps tensions high.",
  "Children or civilians trapped": "Trapped civilians keep tensions high.",
  "Chiral harvest turned toxic": "A toxic chiral harvest keeps tensions high.",
  "Corporate security crackdown": "A corporate security crackdown keeps tensions high.",
  "Crisis is staged to hide something worse": "A staged crisis keeps tensions high.",
  "Critical spare-parts vault is empty": "Critical spare-parts vault is empty, which keeps tensions high.",
  "Debt revolt": "A debt revolt keeps tensions high.",
  "Election or succession crisis": "An election or succession crisis keeps tensions high.",
  "Essential expert missing": "A missing essential expert keeps tensions high.",
  "Evacuation ark launches without most of its manifest": "When evacuation ark launches without most of its manifest, the situation keeps tensions high.",
  "Everyone is lying about casualty numbers": "Lies about casualty numbers keep tensions high.",
  "Exposure clinic overflow spills into public corridors": "When exposure clinic overflow spills into public corridors, the situation keeps tensions high.",
  "Failed garden dome breaches containment": "When failed garden dome breaches containment, the situation keeps tensions high.",
  "Failed terraforming release": "A failed terraforming release keeps tensions high.",
  "Flare season arrived early": "An early flare season keeps tensions high.",
  "Food culture contamination": "The crisis around food culture contamination keeps tensions high.",
  "Hull breach hidden from public": "A hidden hull breach keeps tensions high.",
  "Iggygate schedule failure": "An Iggygate schedule failure keeps tensions high.",
  "Illegal AI expansion discovered": "A discovered illegal AI expansion keeps tensions high.",
  "Imported volatile tanks are legally frozen": "Imported volatile tanks are legally frozen, which keeps tensions high.",
  "Interdiction warning contradicts the published route plan": "When interdiction warning contradicts the published route plan, the situation keeps tensions high.",
  "Labor strike": "A labor strike keeps tensions high.",
  "Life-support cascade": "A life-support cascade keeps tensions high.",
  "Life-support repair crews walk out": "When life-support repair crews walk out, the situation keeps tensions high.",
  "Maintenance logs prove the disaster was forecast": "Maintenance logs prove the disaster was forecast, which keeps tensions high.",
  "Medical chirality stock was diverted": "Medical chirality stock was diverted, which keeps tensions high.",
  "Medical supplies stolen": "The crisis around stolen medical supplies keeps tensions high.",
  "Metric storm trapped ships": "Ships trapped by a metric storm keep tensions high.",
  "Military coup": "A military coup keeps tensions high.",
  "Old first-wave map found": "A newly found first-wave map keeps tensions high.",
  "Pinchdrive calibration accident": "A Pinchdrive calibration accident keeps tensions high.",
  "Pirate protection demand": "A pirate protection demand keeps tensions high.",
  "Quarantine violation": "A quarantine violation keeps tensions high.",
  "Radiation storm incoming": "An incoming radiation storm keeps tensions high.",
  "Radiator field sabotage is heating the settlement": "Radiator field sabotage is heating the settlement, which keeps tensions high.",
  "Refugee surge": "A refugee surge keeps tensions high.",
  "Route weather forecast failed publicly": "When route weather forecast failed publicly, the situation keeps tensions high.",
  "Sabotage of the refinery, gate, or AI systems": "Sabotage against the refinery, gate, or AI systems keeps tensions high.",
  "Safe transit window sold to too many ships": "When safe transit window sold to too many ships, the situation keeps tensions high.",
  "Salvage claim dispute": "A salvage claim dispute keeps tensions high.",
  "Ship full of dead arrives": "The arrival of a ship full of dead keeps tensions high.",
  "Smuggler war": "A smuggler war keeps tensions high.",
  "Sol/Gardener compliance team seizes the port": "When Sol or Gardener compliance team seizes the port, the situation keeps tensions high.",
  "Sol/Gardener warning sign detected": "A detected Sol or Gardener warning sign keeps tensions high.",
  "Storm shelter capacity numbers leaked": "When storm shelter capacity numbers leaked, the situation keeps tensions high.",
  "Terraforming mirrors begin an unsafe correction burn": "When terraforming mirrors begin an unsafe correction burn, the situation keeps tensions high.",
  "The base broadcasts two contradictory distress calls": "The crisis around contradictory distress calls from the base keeps tensions high.",
  "Treatment lottery turns violent": "When treatment lottery turns violent, the situation keeps tensions high.",
  "Unknown native microbial hazard": "An unknown native microbial hazard keeps tensions high.",
  "Water ration failure": "The crisis around water ration failure keeps tensions high.",
}
`;
