// Vitest Snapshot v1, https://vitest.dev/guide/snapshot.html

exports[`spine tone × edge type voice matrix > tone=astronomy: spine prose reads in tone voice 1`] = `
{
  "body0": "The amplitude of flare-amplified bleed season exceeds the operating envelope of Custos Echo-58 Belt IV. The amplitude of flare-amplified bleed season exceeds the operating envelope of Custos Echo-58 Belt V. Refugee ark parking orbit introduces a measurable perturbation in Custos Echo-58 Belt V. Custos Echo-58 Belt IV Charter is the only major foothold on Custos Echo-58 Belt IV.",
  "spineEdgeType": "DESTABILIZES",
  "spineSummary": "Flare-amplified bleed season took shape after Cycle 7, the perturbation from flare-amplified bleed season now exceeds Custos Echo-58 Belt IV's tolerance margin.",
}
`;

exports[`spine tone × edge type voice matrix > tone=balanced: spine prose reads in tone voice 1`] = `
{
  "body0": "The compact between Kestrel Free Compact and Red Vane Labor Combine has gone bad. Glasshouse Biosafety Compact disputes Ninth Ledger Office's claim. Helion Debt Synod disputes Veyra-Locke Concession's claim.",
  "spineEdgeType": "CONTESTS",
  "spineSummary": "The compact between Kestrel Free Compact and Red Vane Labor Combine broke in the great compaction, Kestrel Free Compact and Red Vane Labor Combine can't both set the rules — and the rest of the system knows it.",
}
`;

exports[`spine tone × edge type voice matrix > tone=cinematic: spine prose reads in tone voice 1`] = `
{
  "body0": "Between Brothers of Choir and Red Wake Wake the knife is already drawn. Bone Lantern Order keeps the receipts. Salt Wound Wake keeps the witnesses. Bone Lantern Order swore the pact would hold; Brothers of Choir swore otherwise.",
  "spineEdgeType": "CONTESTS",
  "spineSummary": "The compact between Brothers of Choir and Red Wake Wake broke in the silent decade, Brothers of Choir and Red Wake Wake are bleeding each other dry, and the system cheers them on.",
}
`;
