// Vitest Snapshot v1, https://vitest.dev/guide/snapshot.html

exports[`Phase 3 existing prose remains byte-identical > seed phase3-prose-1 produces stable existing-prose surfaces 1`] = `
{
  "phenomenonNotes": [
    "Transit: Old landing grids still work but route ships through abandoned hazards. Question: Which structures were sealed deliberately at abandonment, and by whom? Hook: Heirloom hunters recover first-wave artifacts for the heir-house collector market, but every artifact strengthens some heir's charter claim and weakens another's. Image: A lit administration dome broadcasts docking instructions to empty streets.",
    "Transit: Vent geysers force ships into a shifting safe-corridor that closes without warning. Question: Which plume holds organics, and which agency loses most if the answer is all of them? Hook: Plume-water bottlers capture vent ejecta and sell it as certified pre-biotic clean; the catch is that the certification depends on nobody publishing what the ocean underneath actually holds. Image: An impactor probe punches through the shell mid-survey and the venting timetable rewrites itself.",
    "A swarm of long-period comets pumped by binary resonance returns on a predictable multi-millennial cycle.",
  ],
  "settlementTagHooks": [
    "The public tag is Free Captain Nest; the private trouble is Flare Refuge, because survival protocols double as social control. A failed terraforming release makes the GU work impossible to treat as routine. Privately, the miracle is illegal terraforming tech. Control of the route weather bureau decides who has leverage.",
    "AI Whisper Cult is the surface story, but Spare Parts Monarchy shows who benefits from the tension: control of replacement parts has hardened into hereditary or cartel power. Ring-rotation politics — outer-rim labor against axis governance — tip into open conflict at insurance assessor's office. Privately, the supposed unknown signal is human encryption. The ledgers all balance except where the archive court is concerned.",
  ],
  "settlementWhyHere": [
    "Irena-61 III Station 39 stays because the yield here is not duplicated anywhere nearby.",
    "Irena-61 Belt V Hub occupies Irena-61 Belt V and is held in place by Phase-stable superconductive lattice. The reading here is high enough that Irena-61 Belt V Hub accepts the risk and the silence.",
  ],
  "systemName": "Irena-61",
}
`;

exports[`Phase 3 existing prose remains byte-identical > seed phase3-prose-2 produces stable existing-prose surfaces 1`] = `
{
  "phenomenonNotes": [
    "Transit: The storm cycle blacks out long-range comms on a cadence the civic calendar is built around. Question: Who audits the storm-calendar clerks, and why did the last auditor emigrate? Hook: Blackout couriers carry ballots and results physically through storm comm-blackouts — except that whoever carries the count can be delayed, and everyone knows the routes. Image: A clerk's almanac maps storms to elections in two inks, and the second ink is recent.",
    "Transit: Approach windows are rationed around life-support dumps, shuttle queues, and quarantine checks. Question: When does a parked ark become a permanent jurisdictional crisis? Hook: Berth-right advocates litigate landing rights for ark populations, funded by remittance; the catch is that every case won empties part of the constituency that pays them. Image: Children born in the parking orbit point out settlements they have never touched.",
  ],
  "settlementTagHooks": [
    "Outsiders call it Deep Ice, but the local pressure is sharper: travel, debt, and risk all orbit the next moving bleed opportunity. A corporate security crackdown makes the GU work impossible to treat as routine. Privately, corporate records were altered. Whoever runs the quarantine station sets the terms here.",
    "The public tag is Anti-Corporate Commune; the private trouble is Clinic Black Market, because treatment, exposure data, and medical chirality stock all move off-book. When AI witness testimony becomes publicly accessible, the situation makes the GU work impossible to treat as routine. Privately, the leader is a proxy for a distant faction. Whoever runs the ship repair yard sets the terms here.",
  ],
  "settlementWhyHere": [
    "Meissa's Forge V minor-body complex Bore maintains its footprint on the ground beneath it. The reading here is high enough that Meissa's Forge V minor-body complex Bore accepts the risk and the silence.",
    "Meissa's Forge Belt VI Station is anchored to Meissa's Forge Belt VI, with Snow-line organochemical feedstock keeping it viable. Meissa's Forge Belt VI Station stays because the yield outweighs everything that wants it gone.",
  ],
  "systemName": "Meissa's Forge",
}
`;

exports[`Phase 3 existing prose remains byte-identical > seed phase3-prose-3 produces stable existing-prose surfaces 1`] = `
{
  "phenomenonNotes": [
    "Transit: Its capture left the outer system strewn with disturbed debris on retrograde tracks. Question: What does the rogue's chemistry say about where it formed, and why do two labs get two answers? Hook: Deep-cold extractors mine exotic ices that only form in interstellar dark, and the trouble is that the deposits are thawing now that the world has a sun, and the deadline is geological but real. Image: The rogue crosses the night sky faster than any planet should, and locals set their debts by it.",
    "Transit: Unmarked cutters loiter near the cache before every major ruling. Question: Which wreck record would overturn the current salvage rights? Hook: Cache custodians guard sealed evidence hulls between hearings, billed to the docket, though the seals are inventoried by the same office that keeps losing dockets. Image: Sealed hulls hang in evidence webbing, tagged with case numbers older than their guards.",
    "Transit: The chain's alignments make some legs of the system a coast and others a climb. Question: Is the chain's resonance stable, decaying, or being quietly managed by someone's station-keeping thrusters? Hook: Window-keepers sell launch tables timed to the chain's transfer resonances, though the resonance drifts, and admitting the drift would devalue every table already sold. Image: A courier threads two planetary shadows on a burn plotted by a retired window-keeper from memory.",
  ],
  "settlementTagHooks": [
    "The public tag is Flare Refuge; the private trouble is Moving Node Rush, because short-lived opportunity is pushing people into unsafe choices. Coordination drift across the swarm makes single-room briefing cell the choke point everyone fights over. Privately, the archive court knows both claimants are using forged records. Every dispute here ends at the civilian colony.",
  ],
  "settlementWhyHere": [
    "Shengong-Prism III - Moon I Habitat occupies Shengong-Prism III and is held in place by Medical chirality stock. Shengong-Prism III - Moon I Habitat stays because the yield outweighs everything that wants it gone.",
  ],
  "systemName": "Shengong-Prism",
}
`;
